www.fsin.su
01.fsin.su
www.01.fsin.su
02.fsin.su
www.02.fsin.su
03.fsin.su
www.03.fsin.su
www.04.fsin.su
www.05.fsin.su
www.06.fsin.su
07.fsin.su
www.07.fsin.su
www.08.fsin.su
09.fsin.su
www.09.fsin.su
10.fsin.su
www.10.fsin.su
11.fsin.su
www.11.fsin.su
12.fsin.su
www.12.fsin.su
13.fsin.su
www.13.fsin.su
15.fsin.su
www.15.fsin.su
16.fsin.su
www.16.fsin.su
17.fsin.su
www.17.fsin.su
18.fsin.su
www.18.fsin.su
www.19.fsin.su
20.fsin.su
www.20.fsin.su
21.fsin.su
www.21.fsin.su
22.fsin.su
www.22.fsin.su
23.fsin.su
www.23.fsin.su
24.fsin.su
www.24.fsin.su
25.fsin.su
www.25.fsin.su
26.fsin.su
www.26.fsin.su
27.fsin.su
www.27.fsin.su
28.fsin.su
29.fsin.su
www.29.fsin.su
30.fsin.su
www.30.fsin.su
31.fsin.su
www.31.fsin.su
32.fsin.su
www.32.fsin.su
33.fsin.su
www.33.fsin.su
34.fsin.su
www.34.fsin.su
www.35.fsin.su
www.36.fsin.su
37.fsin.su
www.37.fsin.su
38.fsin.su
www.38.fsin.su
40.fsin.su
41.fsin.su
www.41.fsin.su
42.fsin.su
www.42.fsin.su
43.fsin.su
www.43.fsin.su
44.fsin.su
www.44.fsin.su
45.fsin.su
www.45.fsin.su
46.fsin.su
www.46.fsin.su
www.48.fsin.su
www.49.fsin.su
50.fsin.su
www.50.fsin.su
51.fsin.su
www.51.fsin.su
52.fsin.su
www.52.fsin.su
53.fsin.su
www.53.fsin.su
54.fsin.su
www.54.fsin.su
55.fsin.su
www.55.fsin.su
56.fsin.su
www.56.fsin.su
57.fsin.su
www.57.fsin.su
59.fsin.su
www.59.fsin.su
60.fsin.su
www.60.fsin.su
61.fsin.su
www.61.fsin.su
62.fsin.su
www.62.fsin.su
63.fsin.su
www.63.fsin.su
64.fsin.su
www.64.fsin.su
www.65.fsin.su
66.fsin.su
www.66.fsin.su
67.fsin.su
www.67.fsin.su
68.fsin.su
69.fsin.su
www.69.fsin.su
71.fsin.su
www.71.fsin.su
72.fsin.su
www.72.fsin.su
73.fsin.su
www.73.fsin.su
74.fsin.su
www.74.fsin.su
75.fsin.su
www.75.fsin.su
76.fsin.su
www.76.fsin.su
77.fsin.su
www.77.fsin.su
78.fsin.su
www.78.fsin.su
79.fsin.su
www.79.fsin.su
86.fsin.su
www.86.fsin.su
89.fsin.su
www.89.fsin.su
apu.fsin.su
www.apu.fsin.su
sg.barnaul.fsin.su
dmuc.fsin.su
www.dmuc.fsin.su
ipt.fsin.su
ki.fsin.su
www.ki.fsin.su
kipkr.fsin.su
www.kipkr.fsin.su
krim.fsin.su
nii.fsin.su
www.nii.fsin.su
niiit.fsin.su
or.fsin.su
www.or.fsin.su
pi.fsin.su
pui.fsin.su
spbipkr.fsin.su
www.spbipkr.fsin.su
sui.fsin.su
www.sui.fsin.su
tambov.fsin.su
ti.fsin.su
umuc.fsin.su
vi.fsin.su
vipe.fsin.su
www.vipe.fsin.su
www.vui.fsin.su
